// Jest Snapshot v1, https://goo.gl/fbAQLP

exports[`it renders correctly 1`] = `
<div
  className="login-form"
>
  <h1>
    Login
  </h1>
  <form
    action="/sessions"
    charSet="UTF-8"
    method="POST"
  >
    <input
      name="authenticity_token"
      type="hidden"
    />
    <input
      autoComplete="username"
      name="session[name]"
      placeholder="Enter your name"
      type="text"
    />
    <input
      autoComplete="email"
      name="session[email]"
      placeholder="Enter your email"
      type="text"
    />
    <input
      autoComplete="current-password"
      name="session[password]"
      placeholder="Enter your password"
      type="password"
    />
    <button
      type="submit"
    >
      Login
    </button>
  </form>
</div>
`;
